gpasm-1.5.2 #1325 (Jul 12 2024)      oled.asm   03/11/2025  03:42:38 PM     PAGE  1


LOC    OBJECT CODE    LINE  SOURCE TEXT
  VALUE

                      00001         list p=p16f690
                      00002     list b=4
                      00003     #include <p16f690.inc>
                      00001         LIST
                      00002 
                      00003 ;==========================================================================
                      00004 ; Build date : Oct 21 2015
                      00005 ;  MPASM PIC16F690 processor include
                      00006 ; 
                      00007 ;  (c) Copyright 1999-2015 Microchip Technology, All rights reserved
                      00008 ;==========================================================================
                      00009 
                      00757         LIST
                      00004         errorlevel -1302
                      00005         radix dec
                      00006 
                      00007 ;  __config _FCMEN_OFF& _IESO_OFF& _MCLRE_OFF& _WDTE_OFF& _INTOSCIO & _CPD_OFF & _CP_OFF & _BOR_ON & _PW
                            RTE_ON
                      00008 
                      00009     config  FOSC = INTRCIO, WDTE = OFF, PWRTE = ON, MCLRE = OFF
                      00010     config  BOREN = OFF, IESO = OFF, FCMEN = OFF
                      00011 
                      00012 
                      00013 ;  _FCMEN_OFF           ; -- fail safe clock monitor enable off
                      00014 ;  _IESO_OFF            ; -- int/ext switch over enable off
                      00015 ;  _BOR_ON              ; default, brown out reset on
                      00016 ;  _CPD_OFF             ; default, eeprom protection off
                      00017 ;  _CP_OFF              ; default, program code protection off
                      00018 ;  _MCLRE_OFF            ; -- use MCLR pin as digital input
                      00019 ;  _PWRTE_OFF           ; default, power up timer off
                      00020 ;  _WDT_OFF             ; -- watch dog timer off
                      00021 ;  _INTOSCIO            ; -- internal osc, OSC1 and OSC2 I/O
                      00022 
                      00023 ; choose display type here
  00000000            00024 SSD1306_OLED_64 = 0     ; 128x64
  00000000            00025 SSD1306_OLED_32 = 0     ; 128x32
  00000001            00026 SH1106_OLED_64 = 1      ; 128x64
                      00027 
                      00028 ; define scl and sda port and pins
  00000087            00029 i2c_tris    equ TRISC
  00000007            00030 i2c_port    equ PORTC
  00000000            00031 sclpin      equ RC0
  00000001            00032 sdapin      equ RC1
                      00033 ; user config ends here
                      00034 
                      00035     if (SSD1306_OLED_64 && SSD1306_OLED_32 || SSD1306_OLED_64 && SH1106_OLED_64 || SSD1306_OLED_32 && SH
                            1106_OLED_64)
                      00036         error "Only one OLED Type can be defined"
                      00037     endif
                      00038 
                      00039     if SSD1306_OLED_64
                      00040 SSD1306_LINES = 7   ; 3 for 128x32, 7 for 128x64
                      00041 SSD1306_FILL_LOOPS = 4
gpasm-1.5.2 #1325 (Jul 12 2024)      oled.asm   03/11/2025  03:42:38 PM     PAGE  2


LOC    OBJECT CODE    LINE  SOURCE TEXT
  VALUE

                      00042     endif
                      00043 
                      00044     if SSD1306_OLED_32
                      00045 SSD1306_LINES = 3
                      00046 SSD1306_FILL_LOOPS = 2
                      00047     endif
                      00048 
                      00049 ; variables
                      00050     cblock  0x20
  00000020            00051     tmpvar1
  00000021            00052     tmpvar2
  00000022            00053     tmpvar3
  00000023            00054     tmpvar5
                      00055     endc
                      00056     
                      00057     cblock  0x70
  00000070            00058     loopctr                         ; i2c_write()
  00000071            00059     tmpvar4                         ; i2c_write()
  00000072            00060     addrptra:2
  00000074            00061     addrptrb:2
  00000076            00062     addrptrc:2
  00000078            00063     addrptrd:2
  0000007A            00064     globalvar1
  0000007B            00065     globalvar2
  0000007C            00066     globalvar3
  0000007D            00067     globalvar4
  0000007E            00068     line            ; these keep track of the current
  0000007F            00069     col             ; line and column
                      00070     endc
                      00071     
                      00072     #include "helper_macros.asm"
                      00001 ; copy address from RAM to EEPROM register
                      00002 toeeadr macro param
                      00003     movf    param+1,w
                      00004     movwf   EEADRH
                      00005     movf    param,w
                      00006     movwf   EEADR
                      00007     endm
                      00008 
                      00009 ; copy address from EEPROM register to RAM
                      00010 fromeeadr macro param
                      00011     movf    EEADRH,w
                      00012     movwf   param+1
                      00013     movf    EEADR,w
                      00014     movwf   param
                      00015     endm
                      00016     
                      00017 ; increment a 16 bit value
                      00018 incf16 macro param
                      00019     incf    param,f
                      00020     btfsc   STATUS,Z    ; check for overFlow
                      00021     incf    param+1,f
                      00022     endm
gpasm-1.5.2 #1325 (Jul 12 2024)      oled.asm   03/11/2025  03:42:38 PM     PAGE  3


LOC    OBJECT CODE    LINE  SOURCE TEXT
  VALUE

                      00023 
                      00024 ; copy a 16 bit value   
                      00025 copy16 macro src, dst
                      00026     movf    src+1,w
                      00027     movwf   dst+1
                      00028     movf    src,w
                      00029     movwf   dst
                      00030     endm
                      00031 
                      00032 ; debugging aid: light up led connected to RB7 (active low) and stop the program
                      00033 dbgled macro
                      00034     bcf     STATUS,RP0
                      00035     bcf     STATUS,RP1
                      00036     bcf     PORTB,RB7
                      00037     goto    $
                      00038     endm
                      00073 
                      00074 ; print a single char to the OLED
                      00075 putchar macro param
                      00076     movlw   param
                      00077     call    PutC
                      00078     endm
                      00079 
                      00080 ; output a string to the OLED   
                      00081 putstring macro param
                      00082     movlw   high param
                      00083     movwf   addrptra+1
                      00084     movlw   low param
                      00085     movwf   addrptra
                      00086     call    PutS
                      00087     endm
                      00088 
                      00089 ; reset vector
0000                  00090         org     0x000
0000                  00091 Reset
0000   0183           00092         clrf    STATUS      ; bank 0 and IRP = 0
0001   2805           00093         goto    Setup
                      00094 ; interrupt vector
0004                  00095         org     0x004
0004                  00096 IRQ
0004   0000           00097         nop
                      00098 
0005                  00099 Setup
0005   018B           00100     clrf    INTCON
0006   1703           00101     bsf     STATUS,RP1      ; bank 2
0007   019E           00102     clrf    ANSEL           ; turn off analog pin functions
0008   019F           00103     clrf    ANSELH
0009   1303           00104     bcf     STATUS,RP1
000A   1683           00105     bsf     STATUS,RP0      ; bank 1
                      00106     
000B   3070           00107     movlw   b'01110000'     ; setup INTOSC for 8MHz
000C   008F           00108     movwf   OSCCON
000D   1D0F           00109     btfss   OSCCON,HTS      ; osc stable? yes, skip, else
gpasm-1.5.2 #1325 (Jul 12 2024)      oled.asm   03/11/2025  03:42:38 PM     PAGE  4


LOC    OBJECT CODE    LINE  SOURCE TEXT
  VALUE

000E   280D           00110     goto    $-1             ; test again
                      00111     
000F   0187           00112     clrf    TRISC           ; RC5..RC0 all outputs
0010   0186           00113     clrf    TRISB           ; RB7..RB4 all outputs
0011   0185           00114     clrf    TRISA           ; all outputs, except RA3
0012   1283           00115     bcf     STATUS,RP0      ; bank 0
0013   0187           00116     clrf    PORTC
0014   0186           00117     clrf    PORTB
0015   1786           00118     bsf     PORTB,RB7       ; turn off LED
                      00119     
                      00120     ;  setup I2C pins, scl = RC0, sda = RC1
0016   1683           00121     bsf     STATUS,RP0
0017   1407           00122     bsf     i2c_tris,sclpin ; make scl pin input
0018   1487           00123     bsf     i2c_tris,sdapin ; make sda pin input
0019   2881           00124     goto    Main
                      00125 
                      00126     #include "i2c.asm"
                      00001 ;  bit banging I2C subroutines
                      00002 ;  these always assume to be in bank 1
                      00003 
                      00004 ;  define scl and sda port and pins
                      00005 ;i2c_tris equ    TRISC
                      00006 ;i2c_port equ    PORTC
                      00007 ;sclpin  equ     RC0
                      00008 ;sdapin  equ     RC1
                      00009 
                      00010 ; macros to make the code more readable
                      00011 i2c macro param
                      00012     movlw param
                      00013     call i2c_write
                      00014     endm
                      00015 
                      00016 scl_hi macro
                      00017     bsf     i2c_tris,sclpin ; set as input
                      00018     endm
                      00019     
                      00020 scl_lo macro
                      00021     bcf     i2c_tris,sclpin ; set as output
                      00022     endm
                      00023 
                      00024 sda_hi macro
                      00025     bsf     i2c_tris,sdapin ; set as input
                      00026     endm
                      00027 
                      00028 sda_lo macro
                      00029     bcf     i2c_tris,sdapin ; set as output
                      00030     endm
                      00031 
                      00032 delay macro
                      00033     call _dly_ret   ; waste 4 cycles, see http://picprojects.org.uk/projects/pictips.htm#Waste%20four
                      00034     endm
                      00035 
001A                  00036 i2c_stop
gpasm-1.5.2 #1325 (Jul 12 2024)      oled.asm   03/11/2025  03:42:38 PM     PAGE  5


LOC    OBJECT CODE    LINE  SOURCE TEXT
  VALUE

                      00037     sda_lo
001A   1087               M     bcf     i2c_tris,sdapin ; set as output
                      00038     delay
001B   203E               M     call _dly_ret   ; waste 4 cycles, see http://picprojects.org.uk/projects/pictips.htm#Waste%20four
                      00039     scl_hi
001C   1407               M     bsf     i2c_tris,sclpin ; set as input
                      00040     delay
001D   203E               M     call _dly_ret   ; waste 4 cycles, see http://picprojects.org.uk/projects/pictips.htm#Waste%20four
                      00041     sda_hi
001E   1487               M     bsf     i2c_tris,sdapin ; set as input
                      00042     delay
001F   203E               M     call _dly_ret   ; waste 4 cycles, see http://picprojects.org.uk/projects/pictips.htm#Waste%20four
0020   0008           00043     return
                      00044 
0021                  00045 i2c_start
                      00046     sda_hi
0021   1487               M     bsf     i2c_tris,sdapin ; set as input
                      00047     delay
0022   203E               M     call _dly_ret   ; waste 4 cycles, see http://picprojects.org.uk/projects/pictips.htm#Waste%20four
                      00048     scl_hi
0023   1407               M     bsf     i2c_tris,sclpin ; set as input
                      00049     delay
0024   203E               M     call _dly_ret   ; waste 4 cycles, see http://picprojects.org.uk/projects/pictips.htm#Waste%20four
                      00050     sda_lo
0025   1087               M     bcf     i2c_tris,sdapin ; set as output
                      00051     delay
0026   203E               M     call _dly_ret   ; waste 4 cycles, see http://picprojects.org.uk/projects/pictips.htm#Waste%20four
                      00052     scl_lo
0027   1007               M     bcf     i2c_tris,sclpin ; set as output
                      00053     delay
0028   203E               M     call _dly_ret   ; waste 4 cycles, see http://picprojects.org.uk/projects/pictips.htm#Waste%20four
0029   0008           00054     return
                      00055 
                      00056 ; transmit byte in w
                      00057 ; affected variables: loopctr, tmpvar4
002A                  00058 i2c_write
002A   01F0           00059     clrf    loopctr
002B   15F0           00060     bsf     loopctr,3   ; loopctr = 8
002C   00F1           00061     movwf   tmpvar4     ; store byte in tmpvar4
002D                  00062 _i2c_write1
002D   0807           00063     movf    i2c_tris,w  ; load tristate register into w
002E   3802           00064     iorlw   1<<sdapin   ; set sda bit high in w
002F   1FF1           00065     btfss   tmpvar4,7   ; test data bit
0030   3A02           00066     xorlw   1<<sdapin   ; clear bit in w if it tested 0
0031   0087           00067     movwf   i2c_tris    ; output to port
                      00068     delay
0032   203E               M     call _dly_ret   ; waste 4 cycles, see http://picprojects.org.uk/projects/pictips.htm#Waste%20four
                      00069     scl_hi
0033   1407               M     bsf     i2c_tris,sclpin ; set as input
                      00070     delay
0034   203E               M     call _dly_ret   ; waste 4 cycles, see http://picprojects.org.uk/projects/pictips.htm#Waste%20four
0035   0DF1           00071     rlf     tmpvar4,f   ; rotate left for next bit
                      00072     scl_lo
gpasm-1.5.2 #1325 (Jul 12 2024)      oled.asm   03/11/2025  03:42:38 PM     PAGE  6


LOC    OBJECT CODE    LINE  SOURCE TEXT
  VALUE

0036   1007               M     bcf     i2c_tris,sclpin ; set as output
                      00073     delay
0037   203E               M     call _dly_ret   ; waste 4 cycles, see http://picprojects.org.uk/projects/pictips.htm#Waste%20four
0038   0BF0           00074     decfsz  loopctr,f
0039   282D           00075     goto    _i2c_write1
                      00076     sda_hi
003A   1487               M     bsf     i2c_tris,sdapin ; set as input
                      00077     scl_hi
003B   1407               M     bsf     i2c_tris,sclpin ; set as input
                      00078     delay
003C   203E               M     call _dly_ret   ; waste 4 cycles, see http://picprojects.org.uk/projects/pictips.htm#Waste%20four
                      00079     ; could read ACK here, OLED works fine without
                      00080     scl_lo
003D   1007               M     bcf     i2c_tris,sclpin ; set as output
003E                  00081 _dly_ret
003E   0008           00082     return
                      00127 
003F                  00128 OLEDCmd
003F   1683           00129     bsf     STATUS,RP0
0040   2021           00130     call    i2c_start
0041   3078           00131     movlw   0x78
0042   202A           00132     call    i2c_write
0043   3000           00133     movlw   0x00        ; command
0044   282A           00134     goto    i2c_write
                      00135 
0045                  00136 OLEDData
0045   2021           00137     call    i2c_start
0046   3078           00138     movlw   0x78
0047   202A           00139     call    i2c_write
0048   3040           00140     movlw   0x40        ; data
0049   282A           00141     goto    i2c_write
                      00142 
                      00143     if (SSD1306_OLED_64 || SSD1306_OLED_32)
                      00144 ; change address to write next character
                      00145 ; at col, line
                      00146 SSD1306Goto
                      00147     call    OLEDCmd
                      00148     i2c(0x21)       ; set column command
                      00149     movf    col,w
                      00150     call    i2c_write
                      00151     i2c(127)
                      00152     call    i2c_stop
                      00153     call    OLEDCmd
                      00154     i2c(0x22)       ; set page command
                      00155     movf    line,w
                      00156     call    i2c_write
                      00157     i2c(SSD1306_LINES)
                      00158     goto    i2c_stop
                      00159 
                      00160 ; for 128x32 and 128x64 SSD1306 OLEDs
                      00161 SSD1306Init
                      00162     call OLEDCmd
                      00163     i2c(0xAE)
gpasm-1.5.2 #1325 (Jul 12 2024)      oled.asm   03/11/2025  03:42:38 PM     PAGE  7


LOC    OBJECT CODE    LINE  SOURCE TEXT
  VALUE

                      00164     if SSD1306_OLED_64
                      00165     i2c(0xD4)   ; D5 for 128x32, D4 for 64
                      00166     else
                      00167     i2c(0xD5)
                      00168     endif
                      00169     i2c(0xF0)
                      00170     i2c(0xA8)
                      00171     if SSD1306_OLED_64
                      00172     i2c(0x3F)   ; 1F for 128x32, 3F for 64
                      00173     else
                      00174     i2c(0x1F)
                      00175     endif
                      00176     i2c(0xD3)
                      00177     i2c(0x00)   ; this sets the vertical shift
                      00178     i2c(0x40)
                      00179     i2c(0x8D)
                      00180     i2c(0x14)
                      00181     i2c(0xA1)
                      00182     i2c(0xC8)
                      00183     i2c(0xDA)
                      00184     if SSD1306_OLED_64
                      00185     i2c(0x12)   ; 02 for 128x32, 12 for 64
                      00186     else
                      00187     i2c(0x02)
                      00188     endif
                      00189     i2c(0x81)
                      00190     i2c(0x8F)
                      00191     i2c(0xD9)
                      00192     i2c(0xF1)
                      00193     i2c(0xDB)
                      00194     i2c(0x40)
                      00195     i2c(0xA4)
                      00196     i2c(0xA6)
                      00197     i2c(0x20)
                      00198     i2c(0x00)
                      00199     i2c(0xAF)
                      00200     goto i2c_stop
                      00201 
                      00202 ; clear the display
                      00203 SSD1306Clear
                      00204     clrf    line
                      00205     clrf    col
                      00206     call    SSD1306Goto
                      00207     call    OLEDData
                      00208     clrf    tmpvar1
                      00209     movlw   SSD1306_FILL_LOOPS
                      00210     movwf   tmpvar2
                      00211 _SSD1306Clear1
                      00212     i2c(0x00)
                      00213     decfsz  tmpvar1,f
                      00214     goto    _SSD1306Clear1
                      00215     decfsz  tmpvar2,f
                      00216     goto    _SSD1306Clear1
gpasm-1.5.2 #1325 (Jul 12 2024)      oled.asm   03/11/2025  03:42:38 PM     PAGE  8


LOC    OBJECT CODE    LINE  SOURCE TEXT
  VALUE

                      00217     goto    i2c_stop
                      00218 
                      00219     endif
                      00220 
                      00221 ; for SH1106
004A                  00222 SH1106Init
004A   2067           00223     call    SH1106Clear
004B   203F           00224     call    OLEDCmd
                      00225     i2c(0xaf)           ; turn display on
004C   30AF               M     movlw (0xaf)
004D   202A               M     call i2c_write
                      00226     i2c(0x02)           ; set lower nibble column address to 2
004E   3002               M     movlw (0x02)
004F   202A               M     call i2c_write
                      00227     i2c(0x10)           ; set upper   "      "      "     to 0
0050   3010               M     movlw (0x10)
0051   202A               M     call i2c_write
                      00228     i2c(0xb0)           ; page address
0052   30B0               M     movlw (0xb0)
0053   202A               M     call i2c_write
                      00229     i2c(0xa1)           ; flip horizontal a0/a1
0054   30A1               M     movlw (0xa1)
0055   202A               M     call i2c_write
                      00230     i2c(0xc8)           ; flip vertical c0/c8
0056   30C8               M     movlw (0xc8)
0057   202A               M     call i2c_write
                      00231     i2c(0x81)           ; set brightness
0058   3081               M     movlw (0x81)
0059   202A               M     call i2c_write
                      00232     i2c(0x00)           ; 0x00 (dimmest) - 0xff (brightest)
005A   3000               M     movlw (0x00)
005B   202A               M     call i2c_write
005C   281A           00233     goto    i2c_stop
                      00234 
005D                  00235 SH1106Goto
005D   203F           00236     call    OLEDCmd
005E   30B0           00237     movlw   0xb0        ; select page (i.e. line)
005F   047E           00238     iorwf   line,w
0060   202A           00239     call    i2c_write
0061   3002           00240     movlw   0x02        ; column low nibble
0062   047F           00241     iorwf   col,w
0063   202A           00242     call    i2c_write
                      00243     i2c(0x10)           ; column high nibble
0064   3010               M     movlw (0x10)
0065   202A               M     call i2c_write
0066   281A           00244     goto    i2c_stop
                      00245 
0067                  00246 SH1106Clear
0067   01FA           00247     clrf    globalvar1
0068                  00248 _SH1106Clear1
0068   203F           00249     call    OLEDCmd
0069   30B0           00250     movlw   0xb0
006A   047A           00251     iorwf   globalvar1,w    ; set page command
gpasm-1.5.2 #1325 (Jul 12 2024)      oled.asm   03/11/2025  03:42:38 PM     PAGE  9


LOC    OBJECT CODE    LINE  SOURCE TEXT
  VALUE

006B   202A           00252     call    i2c_write
                      00253     i2c(0x00)
006C   3000               M     movlw (0x00)
006D   202A               M     call i2c_write
                      00254     i2c(0x10)
006E   3010               M     movlw (0x10)
006F   202A               M     call i2c_write
0070   201A           00255     call    i2c_stop
0071   3084           00256     movlw   132         ; 132 columns
0072   00FB           00257     movwf   globalvar2
0073   2045           00258     call    OLEDData
0074                  00259 _SH1106Clear2
                      00260     i2c(0x00)
0074   3000               M     movlw (0x00)
0075   202A               M     call i2c_write
0076   0BFB           00261     decfsz  globalvar2,f
0077   2874           00262     goto    _SH1106Clear2   ; next column
0078   201A           00263     call    i2c_stop
0079   0AFA           00264     incf    globalvar1,f
007A   087A           00265     movf    globalvar1,w
007B   3EF8           00266     addlw   248             ; 256-248=8 pages
007C   1C03           00267     btfss   STATUS,C
007D   2868           00268     goto    _SH1106Clear1   ; next page
007E   01FE           00269     clrf    line
007F   01FF           00270     clrf    col
0080   0008           00271     return
                      00272 
                      00273 ; main loop
0081                  00274 Main
0081   204A           00275     call    SH1106Init
0082   01FD           00276     clrf    globalvar4
0083   15FD           00277     bsf     globalvar4,3    ; globalvar4 = 8
0084                  00278 _MMain
                      00279     putstring   HelloString
0084   300D               M     movlw   high HelloString
0085   00F3               M     movwf   addrptra+1
0086   3000               M     movlw   low HelloString
0087   00F2               M     movwf   addrptra
0088   20C1               M     call    PutS
0089   01FF           00280     clrf    col
008A   0AFE           00281     incf    line,f
008B   205D           00282     call    SH1106Goto
008C   0BFD           00283     decfsz  globalvar4,f
008D   2884           00284     goto    _MMain
                      00285 
008E                  00286 _Main
008E   288E           00287     goto    _Main               ; infinite loop
                      00288 
                      00289 ; write a two-digit hex number to the screen at col,line
                      00290 ; affected variables: globalvar1
008F                  00291 PrintByte
008F   00A2           00292     movwf   tmpvar3
0090   0E22           00293     swapf   tmpvar3,w
gpasm-1.5.2 #1325 (Jul 12 2024)      oled.asm   03/11/2025  03:42:38 PM     PAGE 10


LOC    OBJECT CODE    LINE  SOURCE TEXT
  VALUE

0091   390F           00294     andlw   0x0f
0092   20A8           00295     call    PrintDigit
0093   0822           00296     movf    tmpvar3,w
0094   390F           00297     andlw   0x0f
0095   20A8           00298     call    PrintDigit
0096   0822           00299     movf    tmpvar3,w
0097   0008           00300     return
                      00301 
                      00302 ; print a space character
0098                  00303 PrintSpace
0098   00FA           00304     movwf   globalvar1      ; save w
0099   2045           00305     call    OLEDData
                      00306     i2c(0)
009A   3000               M     movlw (0)
009B   202A               M     call i2c_write
                      00307     i2c(0)
009C   3000               M     movlw (0)
009D   202A               M     call i2c_write
                      00308     i2c(0)
009E   3000               M     movlw (0)
009F   202A               M     call i2c_write
                      00309     i2c(0)
00A0   3000               M     movlw (0)
00A1   202A               M     call i2c_write
                      00310     i2c(0)
00A2   3000               M     movlw (0)
00A3   202A               M     call i2c_write
                      00311     i2c(0)
00A4   3000               M     movlw (0)
00A5   202A               M     call i2c_write
00A6   087A           00312     movf    globalvar1,w
00A7   281A           00313     goto    i2c_stop
                      00314 
                      00315 
                      00316 ; write a single hex digit to the screen
                      00317 ; affected variables: loopctr, tmpvar1, tmpvar2
00A8                  00318 PrintDigit
00A8   00A1           00319     movwf   tmpvar2
00A9   00F0           00320     movwf   loopctr
00AA   1283           00321     bcf     STATUS,RP0
00AB   1703           00322     bsf     STATUS,RP1  ; bank 2
00AC   300D           00323     movlw   high hexchars
00AD   008F           00324     movwf   EEADRH
00AE   300E           00325     movlw   low hexchars
00AF   008D           00326     movwf   EEADR
00B0   3006           00327     movlw   6
                      00328 ; increment address
00B1                  00329 _PrintDigit2
00B1   078D           00330     addwf   EEADR,f
00B2   0BF0           00331     decfsz  loopctr,f
00B3   28B1           00332     goto    _PrintDigit2
00B4   1303           00333     bcf     STATUS,RP1      ; bank 0
                      00334 ; write actual data
gpasm-1.5.2 #1325 (Jul 12 2024)      oled.asm   03/11/2025  03:42:38 PM     PAGE 11


LOC    OBJECT CODE    LINE  SOURCE TEXT
  VALUE

00B5   2045           00335     call    OLEDData
00B6   3006           00336     movlw   6               ; loop 6 times
00B7   00A0           00337     movwf   tmpvar1
00B8                  00338 NumLoop
00B8   2108           00339     call    FlashRead
00B9   202A           00340     call    i2c_write
00BA   1703           00341     bsf     STATUS,RP1      ; bank 2
00BB   0A8D           00342     incf    EEADR,f         ; next byte
00BC   1303           00343     bcf     STATUS,RP1      ; bank 0
00BD   0BA0           00344     decfsz  tmpvar1,f
00BE   28B8           00345     goto    NumLoop
00BF   0821           00346     movf    tmpvar2,w
00C0   0008           00347     return
                      00348 
                      00349 ; string address is in addrptra
                      00350 ; affected variables:
                      00351 ; addrptra, addrptrb, addrptrc
                      00352 ; globalvar1 - loop counter
                      00353 ; globalvar2 - temp. storage
00C1                  00354 PutS
00C1   1283           00355     bcf     STATUS,RP0
00C2   1703           00356     bsf     STATUS,RP1  ; bank 2
                      00357     copy16  addrptra, addrptrc  ; save string address in addrptrc
00C3   0873               M     movf    addrptra+1,w
00C4   00F7               M     movwf   addrptrc+1
00C5   0872               M     movf    addrptra,w
00C6   00F6               M     movwf   addrptrc
                      00358     toeeadr addrptrc    ; write it to the EEADR register
00C7   0877               M     movf    addrptrc+1,w
00C8   008F               M     movwf   EEADRH
00C9   0876               M     movf    addrptrc,w
00CA   008D               M     movwf   EEADR
00CB   2108           00359     call    FlashRead   ; read first byte, the length of the string
00CC   00FA           00360     movwf   globalvar1  ; store it, it will be our loop counter
00CD   1703           00361     bsf     STATUS,RP1  ; bank 2
00CE                  00362 _PutS1
                      00363     incf16  addrptrc    ; increment address
00CE   0AF6               M     incf    addrptrc,f
00CF   1903               M     btfsc   STATUS,Z    ; check for overFlow
00D0   0AF7               M     incf    addrptrc+1,f
                      00364     toeeadr addrptrc    ; copy addrptrc to EEADR register
00D1   0877               M     movf    addrptrc+1,w
00D2   008F               M     movwf   EEADRH
00D3   0876               M     movf    addrptrc,w
00D4   008D               M     movwf   EEADR
00D5   2108           00365     call    FlashRead   ; read next char into W
00D6   20DB           00366     call    PutC        ; print it
00D7   1703           00367     bsf     STATUS,RP1  ; bank 2
00D8   0BFA           00368     decfsz  globalvar1,f
00D9   28CE           00369     goto    _PutS1
00DA   0008           00370     return
                      00371 
                      00372 ; char in w
gpasm-1.5.2 #1325 (Jul 12 2024)      oled.asm   03/11/2025  03:42:38 PM     PAGE 12


LOC    OBJECT CODE    LINE  SOURCE TEXT
  VALUE

                      00373 ; affected vars: addrptra, addrptrb, tmpvar1
00DB                  00374 PutC
00DB   01F3           00375     clrf    addrptra+1      ; clear high byte
00DC   00F2           00376     movwf   addrptra        ; ASCII code in addrptra
00DD   3020           00377     movlw   0x20            ; subtract 0x20 from it because our
00DE   02F2           00378     subwf   addrptra,f      ; font doesn't have the first 32 characters
00DF   2112           00379     call    Times6          ; multiply by char width to get the offset
00E0   300D           00380     movlw   high font6x8    ; store font address in addrptrb
00E1   00F5           00381     movwf   addrptrb+1
00E2   306E           00382     movlw   low font6x8
00E3   00F4           00383     movwf   addrptrb
00E4   2120           00384     call    AddAddress      ; add addrptra and b to get address of char
                      00385 ; addrptra now points to start of character in font array
00E5   1283           00386     bcf     STATUS,RP0
00E6   1703           00387     bsf     STATUS,RP1      ; bank 2
                      00388     toeeadr addrptra
00E7   0873               M     movf    addrptra+1,w
00E8   008F               M     movwf   EEADRH
00E9   0872               M     movf    addrptra,w
00EA   008D               M     movwf   EEADR
00EB   1303           00389     bcf     STATUS,RP1
00EC   1683           00390     bsf     STATUS,RP0      ; bank 1
00ED   2045           00391     call    OLEDData
00EE   1283           00392     bcf     STATUS,RP0
00EF   3006           00393     movlw   6               ; loop 6 times
00F0   00A0           00394     movwf   tmpvar1
00F1                  00395 _PutC1
00F1   2108           00396     call    FlashRead
00F2   1683           00397     bsf     STATUS,RP0
00F3   202A           00398     call    i2c_write
00F4   1283           00399     bcf     STATUS,RP0
00F5   1703           00400     bsf     STATUS,RP1      ; bank 2
00F6   0A8D           00401     incf    EEADR,f         ; next byte
00F7   1303           00402     bcf     STATUS,RP1      ; bank 0
00F8   0BA0           00403     decfsz  tmpvar1,f
00F9   28F1           00404     goto    _PutC1
00FA   3006           00405     movlw   6
00FB   07FF           00406     addwf   col,f
00FC   0008           00407     return
                      00408     
                      00409     #include "helper_routines.asm"
                      00001 ; ~1s delay @ 8MHz
00FD                  00002 Delay1s
00FD   01FA           00003     clrf    globalvar1
00FE   01FB           00004     clrf    globalvar2
00FF   01F0           00005     clrf    loopctr
0100   1670           00006     bsf     loopctr,4   ; loopctr = 16
0101                  00007 _Delay1s1
0101   0BFA           00008     decfsz  globalvar1,f
0102   2901           00009     goto    _Delay1s1
0103   0BFB           00010     decfsz  globalvar2,f
0104   2901           00011     goto    _Delay1s1
0105   0BF0           00012     decfsz  loopctr,f
gpasm-1.5.2 #1325 (Jul 12 2024)      oled.asm   03/11/2025  03:42:38 PM     PAGE 13


LOC    OBJECT CODE    LINE  SOURCE TEXT
  VALUE

0106   2901           00013     goto    _Delay1s1
0107   0008           00014     return
                      00015 
                      00016 ; read only the lower byte from flash address
                      00017 ; return in w
                      00018 ; variables affected: none
0108                  00019 FlashRead
0108   1683           00020     bsf     STATUS,RP0
0109   1703           00021     bsf     STATUS,RP1      ; bank 3
010A   178C           00022     bsf     EECON1,EEPGD    ; select program memory
010B   140C           00023     bsf     EECON1,RD       ; initiate read
010C   0000           00024     nop
010D   0000           00025     nop
010E   1283           00026     bcf     STATUS,RP0      ; bank 2
010F   080C           00027     movf    EEDAT,w         ; get read value from EEDAT register
0110   1303           00028     bcf     STATUS,RP1      ; bank 0
0111   0008           00029     return
                      00030 
                      00031 ; multiply value in addrptra by 6 (shift & add)
                      00032 ; affected variables: addrptra (return value), addrptrb(trashed)
0112                  00033 Times6
0112   1003           00034     bcf     STATUS,C        ; clear carry
0113   0DF2           00035     rlf     addrptra,f      ; rotate low byte first
0114   0DF3           00036     rlf     addrptra+1,f    ; then the high byte, carry gets taken care of automatically
0115   0873           00037     movf    addrptra+1,w
0116   0872           00038     movf    addrptra,w
                      00039 ; addrptra has been multiplied by two
                      00040     copy16  addrptra, addrptrb
0117   0873               M     movf    addrptra+1,w
0118   00F5               M     movwf   addrptrb+1
0119   0872               M     movf    addrptra,w
011A   00F4               M     movwf   addrptrb
011B   1003           00041     bcf     STATUS,C
011C   0DF2           00042     rlf     addrptra,f  ; do another rotate operation on addrptra
011D   0DF3           00043     rlf     addrptra+1,f
                      00044 ; now we have the *2 value in addrptrb and the *4 value in addrptra
011E   2120           00045     call    AddAddress
                      00046 ; addrptra has been multiplied by 6
011F   0008           00047     return
                      00048 
                      00049 ; add addrptra and addrptrb
                      00050 ; result in addrptra
0120                  00051 AddAddress
0120   0875           00052     movf    addrptrb+1,w
0121   07F3           00053     addwf   addrptra+1,f
0122   0874           00054     movf    addrptrb,w
0123   07F2           00055     addwf   addrptra,f
0124   1803           00056     btfsc   STATUS,C
0125   0AF3           00057     incf    addrptra+1,f
0126   0008           00058     return
                      00410 
0D00                  00411     org 0xd00
                      00412     
gpasm-1.5.2 #1325 (Jul 12 2024)      oled.asm   03/11/2025  03:42:38 PM     PAGE 14


LOC    OBJECT CODE    LINE  SOURCE TEXT
  VALUE

0D00                  00413 HelloString
0D00   000D 0048 0065 00414     de      d'13',"Hello, World!"
       006C 006C 006F 
       002C 0020 0057 
       006F 0072 006C 
       0064 0021      
                      00415 
                      00416     #include "font_hexchars.inc"
0D0E                  00001 hexchars
0D0E   0000 003E 0051 00002     de  0x00, 0x3E, 0x51, 0x49, 0x45, 0x3E    ; 0
       0049 0045 003E 
0D14   0000 0000 0042 00003     de  0x00, 0x00, 0x42, 0x7F, 0x40, 0x00    ; 1
       007F 0040 0000 
0D1A   0000 0062 0051 00004     de  0x00, 0x62, 0x51, 0x49, 0x49, 0x46    ; 2
       0049 0049 0046 
0D20   0000 0022 0049 00005     de  0x00, 0x22, 0x49, 0x49, 0x49, 0x36    ; 3
       0049 0049 0036 
0D26   0000 0018 0014 00006     de  0x00, 0x18, 0x14, 0x12, 0x7F, 0x10    ; 4
       0012 007F 0010 
0D2C   0000 002F 0049 00007     de  0x00, 0x2F, 0x49, 0x49, 0x49, 0x31    ; 5
       0049 0049 0031 
0D32   0000 003C 004A 00008     de  0x00, 0x3C, 0x4A, 0x49, 0x49, 0x30    ; 6
       0049 0049 0030 
0D38   0000 0001 0071 00009     de  0x00, 0x01, 0x71, 0x09, 0x05, 0x03    ; 7
       0009 0005 0003 
0D3E   0000 0036 0049 00010     de  0x00, 0x36, 0x49, 0x49, 0x49, 0x36    ; 8
       0049 0049 0036 
0D44   0000 0006 0049 00011     de  0x00, 0x06, 0x49, 0x49, 0x29, 0x1E    ; 9
       0049 0029 001E 
0D4A   0000 007E 0011 00012     de  0x00, 0x7E, 0x11, 0x11, 0x11, 0x7E    ; A
       0011 0011 007E 
0D50   0000 007F 0049 00013     de  0x00, 0x7F, 0x49, 0x49, 0x49, 0x36    ; B
       0049 0049 0036 
0D56   0000 003E 0041 00014     de  0x00, 0x3E, 0x41, 0x41, 0x41, 0x22    ; C
       0041 0041 0022 
0D5C   0000 007F 0041 00015     de  0x00, 0x7F, 0x41, 0x41, 0x41, 0x3E    ; D
       0041 0041 003E 
0D62   0000 007F 0049 00016     de  0x00, 0x7F, 0x49, 0x49, 0x49, 0x41    ; E
       0049 0049 0041 
0D68   0000 007F 0009 00017     de  0x00, 0x7F, 0x09, 0x09, 0x09, 0x01    ; F
       0009 0009 0001 
                      00417     #include "font.inc"
0D6E                  00001 font6x8
0D6E   0000 0000 0000 00002     de             0x00, 0x00, 0x00, 0x00, 0x00, 0x00   ; Code for char  
       0000 0000 0000 
0D74   0000 0000 0006 00003     de             0x00, 0x00, 0x06, 0x5F, 0x06, 0x00   ; Code for char !
       005F 0006 0000 
0D7A   0000 0007 0003 00004     de             0x00, 0x07, 0x03, 0x00, 0x07, 0x03   ; Code for char """
       0000 0007 0003 
0D80   0000 0024 007E 00005     de             0x00, 0x24, 0x7E, 0x24, 0x7E, 0x24   ; Code for char #
       0024 007E 0024 
0D86   0000 0024 002B 00006     de             0x00, 0x24, 0x2B, 0x6A, 0x12, 0x00   ; Code for char $
       006A 0012 0000 
gpasm-1.5.2 #1325 (Jul 12 2024)      oled.asm   03/11/2025  03:42:38 PM     PAGE 15


LOC    OBJECT CODE    LINE  SOURCE TEXT
  VALUE

0D8C   0000 0063 0013 00007     de             0x00, 0x63, 0x13, 0x08, 0x64, 0x63   ; Code for char %
       0008 0064 0063 
0D92   0000 0036 0049 00008     de             0x00, 0x36, 0x49, 0x56, 0x20, 0x50   ; Code for char &
       0056 0020 0050 
0D98   0000 0000 0007 00009     de             0x00, 0x00, 0x07, 0x03, 0x00, 0x00   ; Code for char '
       0003 0000 0000 
0D9E   0000 0000 003E 00010     de             0x00, 0x00, 0x3E, 0x41, 0x00, 0x00   ; Code for char (
       0041 0000 0000 
0DA4   0000 0000 0041 00011     de             0x00, 0x00, 0x41, 0x3E, 0x00, 0x00   ; Code for char )
       003E 0000 0000 
0DAA   0000 0008 003E 00012     de             0x00, 0x08, 0x3E, 0x1C, 0x3E, 0x08   ; Code for char *
       001C 003E 0008 
0DB0   0000 0008 0008 00013     de             0x00, 0x08, 0x08, 0x3E, 0x08, 0x08   ; Code for char +
       003E 0008 0008 
0DB6   0000 0000 00E0 00014     de             0x00, 0x00, 0xE0, 0x60, 0x00, 0x00   ; Code for char 
       0060 0000 0000 
0DBC   0000 0008 0008 00015     de             0x00, 0x08, 0x08, 0x08, 0x08, 0x08   ; Code for char -
       0008 0008 0008 
0DC2   0000 0000 0060 00016     de             0x00, 0x00, 0x60, 0x60, 0x00, 0x00   ; Code for char .
       0060 0000 0000 
0DC8   0000 0020 0010 00017     de             0x00, 0x20, 0x10, 0x08, 0x04, 0x02   ; Code for char /
       0008 0004 0002 
0DCE   0000 003E 0051 00018     de             0x00, 0x3E, 0x51, 0x49, 0x45, 0x3E   ; Code for char 0
       0049 0045 003E 
0DD4   0000 0000 0042 00019     de             0x00, 0x00, 0x42, 0x7F, 0x40, 0x00   ; Code for char 1
       007F 0040 0000 
0DDA   0000 0062 0051 00020     de             0x00, 0x62, 0x51, 0x49, 0x49, 0x46   ; Code for char 2
       0049 0049 0046 
0DE0   0000 0022 0049 00021     de             0x00, 0x22, 0x49, 0x49, 0x49, 0x36   ; Code for char 3
       0049 0049 0036 
0DE6   0000 0018 0014 00022     de             0x00, 0x18, 0x14, 0x12, 0x7F, 0x10   ; Code for char 4
       0012 007F 0010 
0DEC   0000 002F 0049 00023     de             0x00, 0x2F, 0x49, 0x49, 0x49, 0x31   ; Code for char 5
       0049 0049 0031 
0DF2   0000 003C 004A 00024     de             0x00, 0x3C, 0x4A, 0x49, 0x49, 0x30   ; Code for char 6
       0049 0049 0030 
0DF8   0000 0001 0071 00025     de             0x00, 0x01, 0x71, 0x09, 0x05, 0x03   ; Code for char 7
       0009 0005 0003 
0DFE   0000 0036 0049 00026     de             0x00, 0x36, 0x49, 0x49, 0x49, 0x36   ; Code for char 8
       0049 0049 0036 
0E04   0000 0006 0049 00027     de             0x00, 0x06, 0x49, 0x49, 0x29, 0x1E   ; Code for char 9
       0049 0029 001E 
0E0A   0000 0000 006C 00028     de             0x00, 0x00, 0x6C, 0x6C, 0x00, 0x00   ; Code for char :
       006C 0000 0000 
0E10   0000 0000 00EC 00029     de             0x00, 0x00, 0xEC, 0x6C, 0x00, 0x00   ; Code for char ;
       006C 0000 0000 
0E16   0000 0008 0014 00030     de             0x00, 0x08, 0x14, 0x22, 0x41, 0x00   ; Code for char <
       0022 0041 0000 
0E1C   0000 0024 0024 00031     de             0x00, 0x24, 0x24, 0x24, 0x24, 0x24   ; Code for char =
       0024 0024 0024 
0E22   0000 0000 0041 00032     de             0x00, 0x00, 0x41, 0x22, 0x14, 0x08   ; Code for char >
       0022 0014 0008 
0E28   0000 0002 0001 00033     de             0x00, 0x02, 0x01, 0x59, 0x09, 0x06   ; Code for char ?
gpasm-1.5.2 #1325 (Jul 12 2024)      oled.asm   03/11/2025  03:42:38 PM     PAGE 16


LOC    OBJECT CODE    LINE  SOURCE TEXT
  VALUE

       0059 0009 0006 
0E2E   0000 003E 0041 00034     de             0x00, 0x3E, 0x41, 0x5D, 0x55, 0x1E   ; Code for char @
       005D 0055 001E 
0E34   0000 007E 0011 00035     de             0x00, 0x7E, 0x11, 0x11, 0x11, 0x7E   ; Code for char A
       0011 0011 007E 
0E3A   0000 007F 0049 00036     de             0x00, 0x7F, 0x49, 0x49, 0x49, 0x36   ; Code for char B
       0049 0049 0036 
0E40   0000 003E 0041 00037     de             0x00, 0x3E, 0x41, 0x41, 0x41, 0x22   ; Code for char C
       0041 0041 0022 
0E46   0000 007F 0041 00038     de             0x00, 0x7F, 0x41, 0x41, 0x41, 0x3E   ; Code for char D
       0041 0041 003E 
0E4C   0000 007F 0049 00039     de             0x00, 0x7F, 0x49, 0x49, 0x49, 0x41   ; Code for char E
       0049 0049 0041 
0E52   0000 007F 0009 00040     de             0x00, 0x7F, 0x09, 0x09, 0x09, 0x01   ; Code for char F
       0009 0009 0001 
0E58   0000 003E 0041 00041     de             0x00, 0x3E, 0x41, 0x49, 0x49, 0x7A   ; Code for char G
       0049 0049 007A 
0E5E   0000 007F 0008 00042     de             0x00, 0x7F, 0x08, 0x08, 0x08, 0x7F   ; Code for char H
       0008 0008 007F 
0E64   0000 0000 0041 00043     de             0x00, 0x00, 0x41, 0x7F, 0x41, 0x00   ; Code for char I
       007F 0041 0000 
0E6A   0000 0030 0040 00044     de             0x00, 0x30, 0x40, 0x40, 0x40, 0x3F   ; Code for char J
       0040 0040 003F 
0E70   0000 007F 0008 00045     de             0x00, 0x7F, 0x08, 0x14, 0x22, 0x41   ; Code for char K
       0014 0022 0041 
0E76   0000 007F 0040 00046     de             0x00, 0x7F, 0x40, 0x40, 0x40, 0x40   ; Code for char L
       0040 0040 0040 
0E7C   0000 007F 0002 00047     de             0x00, 0x7F, 0x02, 0x04, 0x02, 0x7F   ; Code for char M
       0004 0002 007F 
0E82   0000 007F 0002 00048     de             0x00, 0x7F, 0x02, 0x04, 0x08, 0x7F   ; Code for char N
       0004 0008 007F 
0E88   0000 003E 0041 00049     de             0x00, 0x3E, 0x41, 0x41, 0x41, 0x3E   ; Code for char O
       0041 0041 003E 
0E8E   0000 007F 0009 00050     de             0x00, 0x7F, 0x09, 0x09, 0x09, 0x06   ; Code for char P
       0009 0009 0006 
0E94   0000 003E 0041 00051     de             0x00, 0x3E, 0x41, 0x51, 0x21, 0x5E   ; Code for char Q
       0051 0021 005E 
0E9A   0000 007F 0009 00052     de             0x00, 0x7F, 0x09, 0x09, 0x19, 0x66   ; Code for char R
       0009 0019 0066 
0EA0   0000 0026 0049 00053     de             0x00, 0x26, 0x49, 0x49, 0x49, 0x32   ; Code for char S
       0049 0049 0032 
0EA6   0000 0001 0001 00054     de             0x00, 0x01, 0x01, 0x7F, 0x01, 0x01   ; Code for char T
       007F 0001 0001 
0EAC   0000 003F 0040 00055     de             0x00, 0x3F, 0x40, 0x40, 0x40, 0x3F   ; Code for char U
       0040 0040 003F 
0EB2   0000 001F 0020 00056     de             0x00, 0x1F, 0x20, 0x40, 0x20, 0x1F   ; Code for char V
       0040 0020 001F 
0EB8   0000 003F 0040 00057     de             0x00, 0x3F, 0x40, 0x3C, 0x40, 0x3F   ; Code for char W
       003C 0040 003F 
0EBE   0000 0063 0014 00058     de             0x00, 0x63, 0x14, 0x08, 0x14, 0x63   ; Code for char X
       0008 0014 0063 
0EC4   0000 0007 0008 00059     de             0x00, 0x07, 0x08, 0x70, 0x08, 0x07   ; Code for char Y
       0070 0008 0007 
gpasm-1.5.2 #1325 (Jul 12 2024)      oled.asm   03/11/2025  03:42:38 PM     PAGE 17


LOC    OBJECT CODE    LINE  SOURCE TEXT
  VALUE

0ECA   0000 0071 0049 00060     de             0x00, 0x71, 0x49, 0x45, 0x43, 0x00   ; Code for char Z
       0045 0043 0000 
0ED0   0000 0000 007F 00061     de             0x00, 0x00, 0x7F, 0x41, 0x41, 0x00   ; Code for char [
       0041 0041 0000 
0ED6   0000 0002 0004 00062     de             0x00, 0x02, 0x04, 0x08, 0x10, 0x20   ; Code for char BackSlash
       0008 0010 0020 
0EDC   0000 0000 0041 00063     de             0x00, 0x00, 0x41, 0x41, 0x7F, 0x00   ; Code for char ]
       0041 007F 0000 
0EE2   0000 0004 0002 00064     de             0x00, 0x04, 0x02, 0x01, 0x02, 0x04   ; Code for char ^
       0001 0002 0004 
0EE8   0080 0080 0080 00065     de             0x80, 0x80, 0x80, 0x80, 0x80, 0x80   ; Code for char _
       0080 0080 0080 
0EEE   0000 0000 0003 00066     de             0x00, 0x00, 0x03, 0x07, 0x00, 0x00   ; Code for char `
       0007 0000 0000 
0EF4   0000 0020 0054 00067     de             0x00, 0x20, 0x54, 0x54, 0x54, 0x78   ; Code for char a
       0054 0054 0078 
0EFA   0000 007F 0044 00068     de             0x00, 0x7F, 0x44, 0x44, 0x44, 0x38   ; Code for char b
       0044 0044 0038 
0F00   0000 0038 0044 00069     de             0x00, 0x38, 0x44, 0x44, 0x44, 0x28   ; Code for char c
       0044 0044 0028 
0F06   0000 0038 0044 00070     de             0x00, 0x38, 0x44, 0x44, 0x44, 0x7F   ; Code for char d
       0044 0044 007F 
0F0C   0000 0038 0054 00071     de             0x00, 0x38, 0x54, 0x54, 0x54, 0x08   ; Code for char e
       0054 0054 0008 
0F12   0000 0008 007E 00072     de             0x00, 0x08, 0x7E, 0x09, 0x09, 0x00   ; Code for char f
       0009 0009 0000 
0F18   0000 0018 00A4 00073     de             0x00, 0x18, 0xA4, 0xA4, 0xA4, 0x7C   ; Code for char g
       00A4 00A4 007C 
0F1E   0000 007F 0004 00074     de             0x00, 0x7F, 0x04, 0x04, 0x78, 0x00   ; Code for char h
       0004 0078 0000 
0F24   0000 0000 0000 00075     de             0x00, 0x00, 0x00, 0x7D, 0x40, 0x00   ; Code for char i
       007D 0040 0000 
0F2A   0000 0040 0080 00076     de             0x00, 0x40, 0x80, 0x84, 0x7D, 0x00   ; Code for char j
       0084 007D 0000 
0F30   0000 007F 0010 00077     de             0x00, 0x7F, 0x10, 0x28, 0x44, 0x00   ; Code for char k
       0028 0044 0000 
0F36   0000 0000 0000 00078     de             0x00, 0x00, 0x00, 0x7F, 0x40, 0x00   ; Code for char l
       007F 0040 0000 
0F3C   0000 007C 0004 00079     de             0x00, 0x7C, 0x04, 0x18, 0x04, 0x78   ; Code for char m
       0018 0004 0078 
0F42   0000 007C 0004 00080     de             0x00, 0x7C, 0x04, 0x04, 0x78, 0x00   ; Code for char n
       0004 0078 0000 
0F48   0000 0038 0044 00081     de             0x00, 0x38, 0x44, 0x44, 0x44, 0x38   ; Code for char o
       0044 0044 0038 
0F4E   0000 00FC 0044 00082     de             0x00, 0xFC, 0x44, 0x44, 0x44, 0x38   ; Code for char p
       0044 0044 0038 
0F54   0000 0038 0044 00083     de             0x00, 0x38, 0x44, 0x44, 0x44, 0xFC   ; Code for char q
       0044 0044 00FC 
0F5A   0000 0044 0078 00084     de             0x00, 0x44, 0x78, 0x44, 0x04, 0x08   ; Code for char r
       0044 0004 0008 
0F60   0000 0008 0054 00085     de             0x00, 0x08, 0x54, 0x54, 0x54, 0x20   ; Code for char s
       0054 0054 0020 
0F66   0000 0004 003E 00086     de             0x00, 0x04, 0x3E, 0x44, 0x24, 0x00   ; Code for char t
gpasm-1.5.2 #1325 (Jul 12 2024)      oled.asm   03/11/2025  03:42:38 PM     PAGE 18


LOC    OBJECT CODE    LINE  SOURCE TEXT
  VALUE

       0044 0024 0000 
0F6C   0000 003C 0040 00087     de             0x00, 0x3C, 0x40, 0x20, 0x7C, 0x00   ; Code for char u
       0020 007C 0000 
0F72   0000 001C 0020 00088     de             0x00, 0x1C, 0x20, 0x40, 0x20, 0x1C   ; Code for char v
       0040 0020 001C 
0F78   0000 003C 0060 00089     de             0x00, 0x3C, 0x60, 0x30, 0x60, 0x3C   ; Code for char w
       0030 0060 003C 
0F7E   0000 006C 0010 00090     de             0x00, 0x6C, 0x10, 0x10, 0x6C, 0x00   ; Code for char x
       0010 006C 0000 
0F84   0000 009C 00A0 00091     de             0x00, 0x9C, 0xA0, 0x60, 0x3C, 0x00   ; Code for char y
       0060 003C 0000 
0F8A   0000 0064 0054 00092     de             0x00, 0x64, 0x54, 0x54, 0x4C, 0x00   ; Code for char z
       0054 004C 0000 
0F90   0000 0008 003E 00093     de             0x00, 0x08, 0x3E, 0x41, 0x41, 0x00   ; Code for char {
       0041 0041 0000 
0F96   0000 0000 0000 00094     de             0x00, 0x00, 0x00, 0x77, 0x00, 0x00   ; Code for char |
       0077 0000 0000 
0F9C   0000 0000 0041 00095     de             0x00, 0x00, 0x41, 0x41, 0x3E, 0x08   ; Code for char }
       0041 003E 0008 
0FA2   0000 0002 0001 00096     de             0x00, 0x02, 0x01, 0x02, 0x01, 0x00   ; Code for char ~
       0002 0001 0000 
0FA8   0000 003C 0026 00097     de             0x00, 0x3C, 0x26, 0x23, 0x26, 0x3C   ; Code for char
       0023 0026 003C 
                      00418 
                      00419     end
gpasm-1.5.2 #1325 (Jul 12 2024)      oled.asm   03/11/2025  03:42:38 PM     PAGE 19


SYMBOL TABLE
  LABEL                              TYPE        VALUE         VALUE          VALUE
                                                 (hex)         (dec)          (text)

ABDEN                             CONSTANT      00000000              0
ABDOVF                            CONSTANT      00000007              7
ADCON0                            CONSTANT      0000001F             31
ADCON1                            CONSTANT      0000009F            159
ADCS0                             CONSTANT      00000004              4
ADCS1                             CONSTANT      00000005              5
ADCS2                             CONSTANT      00000006              6
ADDEN                             CONSTANT      00000003              3
ADFM                              CONSTANT      00000007              7
ADIE                              CONSTANT      00000006              6
ADIF                              CONSTANT      00000006              6
ADON                              CONSTANT      00000000              0
ADRESH                            CONSTANT      0000001E             30
ADRESL                            CONSTANT      0000009E            158
ANS0                              CONSTANT      00000000              0
ANS1                              CONSTANT      00000001              1
ANS2                              CONSTANT      00000002              2
ANS3                              CONSTANT      00000003              3
ANS4                              CONSTANT      00000004              4
ANS5                              CONSTANT      00000005              5
ANS6                              CONSTANT      00000006              6
ANS7                              CONSTANT      00000007              7
ANS8                              CONSTANT      00000000              0
ANS9                              CONSTANT      00000001              1
ANS10                             CONSTANT      00000002              2
ANS11                             CONSTANT      00000003              3
ANSEL                             CONSTANT      0000011E            286
ANSELH                            CONSTANT      0000011F            287
AddAddress                        ADDRESS       00000120            288
BAUDCTL                           CONSTANT      0000009B            155
BF                                CONSTANT      00000000              0
BRG0                              CONSTANT      00000000              0
BRG1                              CONSTANT      00000001              1
BRG2                              CONSTANT      00000002              2
BRG3                              CONSTANT      00000003              3
BRG4                              CONSTANT      00000004              4
BRG5                              CONSTANT      00000005              5
BRG6                              CONSTANT      00000006              6
BRG7                              CONSTANT      00000007              7
BRG8                              CONSTANT      00000000              0
BRG9                              CONSTANT      00000001              1
BRG10                             CONSTANT      00000002              2
BRG11                             CONSTANT      00000003              3
BRG12                             CONSTANT      00000004              4
BRG13                             CONSTANT      00000005              5
BRG14                             CONSTANT      00000006              6
BRG15                             CONSTANT      00000007              7
BRG16                             CONSTANT      00000003              3
BRGH                              CONSTANT      00000002              2
C                                 CONSTANT      00000000              0
C1CH0                             CONSTANT      00000000              0
C1CH1                             CONSTANT      00000001              1
gpasm-1.5.2 #1325 (Jul 12 2024)      oled.asm   03/11/2025  03:42:38 PM     PAGE 20


SYMBOL TABLE
  LABEL                              TYPE        VALUE         VALUE          VALUE
                                                 (hex)         (dec)          (text)

C1IE                              CONSTANT      00000005              5
C1IF                              CONSTANT      00000005              5
C1OE                              CONSTANT      00000005              5
C1ON                              CONSTANT      00000007              7
C1OUT                             CONSTANT      00000006              6
C1POL                             CONSTANT      00000004              4
C1R                               CONSTANT      00000002              2
C1SEN                             CONSTANT      00000005              5
C1VREN                            CONSTANT      00000007              7
C2CH0                             CONSTANT      00000000              0
C2CH1                             CONSTANT      00000001              1
C2IE                              CONSTANT      00000006              6
C2IF                              CONSTANT      00000006              6
C2OE                              CONSTANT      00000005              5
C2ON                              CONSTANT      00000007              7
C2OUT                             CONSTANT      00000006              6
C2POL                             CONSTANT      00000004              4
C2R                               CONSTANT      00000002              2
C2REN                             CONSTANT      00000004              4
C2SYNC                            CONSTANT      00000000              0
C2VREN                            CONSTANT      00000006              6
CCP1CON                           CONSTANT      00000017             23
CCP1IE                            CONSTANT      00000002              2
CCP1IF                            CONSTANT      00000002              2
CCP1M0                            CONSTANT      00000000              0
CCP1M1                            CONSTANT      00000001              1
CCP1M2                            CONSTANT      00000002              2
CCP1M3                            CONSTANT      00000003              3
CCPR                              CONSTANT      00000015             21
CCPR1H                            CONSTANT      00000016             22
CCPR1L                            CONSTANT      00000015             21
CHS0                              CONSTANT      00000002              2
CHS1                              CONSTANT      00000003              3
CHS2                              CONSTANT      00000004              4
CHS3                              CONSTANT      00000005              5
CKE                               CONSTANT      00000006              6
CKP                               CONSTANT      00000004              4
CM1CON0                           CONSTANT      00000119            281
CM2CON0                           CONSTANT      0000011A            282
CM2CON1                           CONSTANT      0000011B            283
CREN                              CONSTANT      00000004              4
CSRC                              CONSTANT      00000007              7
D                                 CONSTANT      00000005              5
DATA_ADDRESS                      CONSTANT      00000005              5
DC                                CONSTANT      00000001              1
DC1B0                             CONSTANT      00000004              4
DC1B1                             CONSTANT      00000005              5
D_A                               CONSTANT      00000005              5
D_NOT_A                           CONSTANT      00000005              5
Delay1s                           ADDRESS       000000FD            253
ECCPAS                            CONSTANT      0000001D             29
ECCPAS0                           CONSTANT      00000004              4
gpasm-1.5.2 #1325 (Jul 12 2024)      oled.asm   03/11/2025  03:42:38 PM     PAGE 21


SYMBOL TABLE
  LABEL                              TYPE        VALUE         VALUE          VALUE
                                                 (hex)         (dec)          (text)

ECCPAS1                           CONSTANT      00000005              5
ECCPAS2                           CONSTANT      00000006              6
ECCPASE                           CONSTANT      00000007              7
EEADR                             CONSTANT      0000010D            269
EEADRH                            CONSTANT      0000010F            271
EECON1                            CONSTANT      0000018C            396
EECON2                            CONSTANT      0000018D            397
EEDAT                             CONSTANT      0000010C            268
EEDATA                            CONSTANT      0000010C            268
EEDATH                            CONSTANT      0000010E            270
EEIE                              CONSTANT      00000004              4
EEIF                              CONSTANT      00000004              4
EEPGD                             CONSTANT      00000007              7
F                                 CONSTANT      00000001              1
FERR                              CONSTANT      00000002              2
FSR                               CONSTANT      00000004              4
FlashRead                         ADDRESS       00000108            264
GIE                               CONSTANT      00000007              7
GO                                CONSTANT      00000001              1
GO_DONE                           CONSTANT      00000001              1
GO_NOT_DONE                       CONSTANT      00000001              1
HTS                               CONSTANT      00000002              2
HelloString                       ADDRESS       00000D00           3328
I2C_DATA                          CONSTANT      00000005              5
I2C_READ                          CONSTANT      00000002              2
I2C_START                         CONSTANT      00000003              3
I2C_STOP                          CONSTANT      00000004              4
INDF                              CONSTANT      00000000              0
INTCON                            CONSTANT      0000000B             11
INTE                              CONSTANT      00000004              4
INTEDG                            CONSTANT      00000006              6
INTF                              CONSTANT      00000001              1
IOC                               CONSTANT      00000096            150
IOC0                              CONSTANT      00000000              0
IOC1                              CONSTANT      00000001              1
IOC2                              CONSTANT      00000002              2
IOC3                              CONSTANT      00000003              3
IOC4                              CONSTANT      00000004              4
IOC5                              CONSTANT      00000005              5
IOCA                              CONSTANT      00000096            150
IOCA0                             CONSTANT      00000000              0
IOCA1                             CONSTANT      00000001              1
IOCA2                             CONSTANT      00000002              2
IOCA3                             CONSTANT      00000003              3
IOCA4                             CONSTANT      00000004              4
IOCA5                             CONSTANT      00000005              5
IOCB                              CONSTANT      00000116            278
IOCB4                             CONSTANT      00000004              4
IOCB5                             CONSTANT      00000005              5
IOCB6                             CONSTANT      00000006              6
IOCB7                             CONSTANT      00000007              7
IRCF0                             CONSTANT      00000004              4
gpasm-1.5.2 #1325 (Jul 12 2024)      oled.asm   03/11/2025  03:42:38 PM     PAGE 22


SYMBOL TABLE
  LABEL                              TYPE        VALUE         VALUE          VALUE
                                                 (hex)         (dec)          (text)

IRCF1                             CONSTANT      00000005              5
IRCF2                             CONSTANT      00000006              6
IRP                               CONSTANT      00000007              7
IRQ                               ADDRESS       00000004              4
LTS                               CONSTANT      00000001              1
MC1OUT                            CONSTANT      00000007              7
MC2OUT                            CONSTANT      00000006              6
MSK                               CONSTANT      00000093            147
MSK0                              CONSTANT      00000000              0
MSK1                              CONSTANT      00000001              1
MSK2                              CONSTANT      00000002              2
MSK3                              CONSTANT      00000003              3
MSK4                              CONSTANT      00000004              4
MSK5                              CONSTANT      00000005              5
MSK6                              CONSTANT      00000006              6
MSK7                              CONSTANT      00000007              7
Main                              ADDRESS       00000081            129
NOT_A                             CONSTANT      00000005              5
NOT_ADDRESS                       CONSTANT      00000005              5
NOT_BOR                           CONSTANT      00000000              0
NOT_DONE                          CONSTANT      00000001              1
NOT_PD                            CONSTANT      00000003              3
NOT_POR                           CONSTANT      00000001              1
NOT_RABPU                         CONSTANT      00000007              7
NOT_T1SYNC                        CONSTANT      00000002              2
NOT_TO                            CONSTANT      00000004              4
NOT_W                             CONSTANT      00000002              2
NOT_WRITE                         CONSTANT      00000002              2
NumLoop                           ADDRESS       000000B8            184
OERR                              CONSTANT      00000001              1
OLEDCmd                           ADDRESS       0000003F             63
OLEDData                          ADDRESS       00000045             69
OPTION_REG                        CONSTANT      00000081            129
OSCCON                            CONSTANT      0000008F            143
OSCTUNE                           CONSTANT      00000090            144
OSFIE                             CONSTANT      00000007              7
OSFIF                             CONSTANT      00000007              7
OSTS                              CONSTANT      00000003              3
P                                 CONSTANT      00000004              4
P1M0                              CONSTANT      00000006              6
P1M1                              CONSTANT      00000007              7
PCL                               CONSTANT      00000002              2
PCLATH                            CONSTANT      0000000A             10
PCON                              CONSTANT      0000008E            142
PDC0                              CONSTANT      00000000              0
PDC1                              CONSTANT      00000001              1
PDC2                              CONSTANT      00000002              2
PDC3                              CONSTANT      00000003              3
PDC4                              CONSTANT      00000004              4
PDC5                              CONSTANT      00000005              5
PDC6                              CONSTANT      00000006              6
PEIE                              CONSTANT      00000006              6
gpasm-1.5.2 #1325 (Jul 12 2024)      oled.asm   03/11/2025  03:42:38 PM     PAGE 23


SYMBOL TABLE
  LABEL                              TYPE        VALUE         VALUE          VALUE
                                                 (hex)         (dec)          (text)

PIE1                              CONSTANT      0000008C            140
PIE2                              CONSTANT      0000008D            141
PIR1                              CONSTANT      0000000C             12
PIR2                              CONSTANT      0000000D             13
PORTA                             CONSTANT      00000005              5
PORTB                             CONSTANT      00000006              6
PORTC                             CONSTANT      00000007              7
PR2                               CONSTANT      00000092            146
PRSEN                             CONSTANT      00000007              7
PS0                               CONSTANT      00000000              0
PS1                               CONSTANT      00000001              1
PS2                               CONSTANT      00000002              2
PSA                               CONSTANT      00000003              3
PSSAC0                            CONSTANT      00000002              2
PSSAC1                            CONSTANT      00000003              3
PSSBD0                            CONSTANT      00000000              0
PSSBD1                            CONSTANT      00000001              1
PSTRCON                           CONSTANT      0000019D            413
PULSR                             CONSTANT      00000002              2
PULSS                             CONSTANT      00000003              3
PWM1CON                           CONSTANT      0000001C             28
PrintByte                         ADDRESS       0000008F            143
PrintDigit                        ADDRESS       000000A8            168
PrintSpace                        ADDRESS       00000098            152
PutC                              ADDRESS       000000DB            219
PutS                              ADDRESS       000000C1            193
R                                 CONSTANT      00000002              2
RA0                               CONSTANT      00000000              0
RA1                               CONSTANT      00000001              1
RA2                               CONSTANT      00000002              2
RA3                               CONSTANT      00000003              3
RA4                               CONSTANT      00000004              4
RA5                               CONSTANT      00000005              5
RABIE                             CONSTANT      00000003              3
RABIF                             CONSTANT      00000000              0
RB4                               CONSTANT      00000004              4
RB5                               CONSTANT      00000005              5
RB6                               CONSTANT      00000006              6
RB7                               CONSTANT      00000007              7
RC0                               CONSTANT      00000000              0
RC1                               CONSTANT      00000001              1
RC2                               CONSTANT      00000002              2
RC3                               CONSTANT      00000003              3
RC4                               CONSTANT      00000004              4
RC5                               CONSTANT      00000005              5
RC6                               CONSTANT      00000006              6
RC7                               CONSTANT      00000007              7
RCIDL                             CONSTANT      00000006              6
RCIE                              CONSTANT      00000005              5
RCIF                              CONSTANT      00000005              5
RCREG                             CONSTANT      0000001A             26
RCSTA                             CONSTANT      00000018             24
gpasm-1.5.2 #1325 (Jul 12 2024)      oled.asm   03/11/2025  03:42:38 PM     PAGE 24


SYMBOL TABLE
  LABEL                              TYPE        VALUE         VALUE          VALUE
                                                 (hex)         (dec)          (text)

RD                                CONSTANT      00000000              0
READ_WRITE                        CONSTANT      00000002              2
RP0                               CONSTANT      00000005              5
RP1                               CONSTANT      00000006              6
RX9                               CONSTANT      00000006              6
RX9D                              CONSTANT      00000000              0
R_NOT_W                           CONSTANT      00000002              2
R_W                               CONSTANT      00000002              2
Reset                             ADDRESS       00000000              0
S                                 CONSTANT      00000003              3
SBOREN                            CONSTANT      00000004              4
SCKP                              CONSTANT      00000004              4
SCS                               CONSTANT      00000000              0
SENB                              CONSTANT      00000003              3
SENDB                             CONSTANT      00000003              3
SH1106Clear                       ADDRESS       00000067            103
SH1106Goto                        ADDRESS       0000005D             93
SH1106Init                        ADDRESS       0000004A             74
SH1106_OLED_64                    VARIABLE      00000001              1
SMP                               CONSTANT      00000007              7
SPBRG                             CONSTANT      00000099            153
SPBRGH                            CONSTANT      0000009A            154
SPEN                              CONSTANT      00000007              7
SR0                               CONSTANT      00000006              6
SR1                               CONSTANT      00000007              7
SRCON                             CONSTANT      0000019E            414
SREN                              CONSTANT      00000005              5
SSD1306_OLED_32                   VARIABLE      00000000              0
SSD1306_OLED_64                   VARIABLE      00000000              0
SSPADD                            CONSTANT      00000093            147
SSPBUF                            CONSTANT      00000013             19
SSPCON                            CONSTANT      00000014             20
SSPEN                             CONSTANT      00000005              5
SSPIE                             CONSTANT      00000003              3
SSPIF                             CONSTANT      00000003              3
SSPM0                             CONSTANT      00000000              0
SSPM1                             CONSTANT      00000001              1
SSPM2                             CONSTANT      00000002              2
SSPM3                             CONSTANT      00000003              3
SSPMSK                            CONSTANT      00000093            147
SSPOV                             CONSTANT      00000006              6
SSPSTAT                           CONSTANT      00000094            148
STATUS                            CONSTANT      00000003              3
STRA                              CONSTANT      00000000              0
STRB                              CONSTANT      00000001              1
STRC                              CONSTANT      00000002              2
STRD                              CONSTANT      00000003              3
STRSYNC                           CONSTANT      00000004              4
SWDTEN                            CONSTANT      00000000              0
SYNC                              CONSTANT      00000004              4
Setup                             ADDRESS       00000005              5
T0CS                              CONSTANT      00000005              5
gpasm-1.5.2 #1325 (Jul 12 2024)      oled.asm   03/11/2025  03:42:38 PM     PAGE 25


SYMBOL TABLE
  LABEL                              TYPE        VALUE         VALUE          VALUE
                                                 (hex)         (dec)          (text)

T0IE                              CONSTANT      00000005              5
T0IF                              CONSTANT      00000002              2
T0SE                              CONSTANT      00000004              4
T1CKPS0                           CONSTANT      00000004              4
T1CKPS1                           CONSTANT      00000005              5
T1CON                             CONSTANT      00000010             16
T1GINV                            CONSTANT      00000007              7
T1GSS                             CONSTANT      00000001              1
T1IE                              CONSTANT      00000000              0
T1IF                              CONSTANT      00000000              0
T1OSCEN                           CONSTANT      00000003              3
T2CKPS0                           CONSTANT      00000000              0
T2CKPS1                           CONSTANT      00000001              1
T2CON                             CONSTANT      00000012             18
T2IE                              CONSTANT      00000001              1
T2IF                              CONSTANT      00000001              1
TMR0                              CONSTANT      00000001              1
TMR1                              CONSTANT      0000000E             14
TMR1CS                            CONSTANT      00000001              1
TMR1GE                            CONSTANT      00000006              6
TMR1H                             CONSTANT      0000000F             15
TMR1IE                            CONSTANT      00000000              0
TMR1IF                            CONSTANT      00000000              0
TMR1L                             CONSTANT      0000000E             14
TMR1ON                            CONSTANT      00000000              0
TMR2                              CONSTANT      00000011             17
TMR2IE                            CONSTANT      00000001              1
TMR2IF                            CONSTANT      00000001              1
TMR2ON                            CONSTANT      00000002              2
TOUTPS0                           CONSTANT      00000003              3
TOUTPS1                           CONSTANT      00000004              4
TOUTPS2                           CONSTANT      00000005              5
TOUTPS3                           CONSTANT      00000006              6
TRISA                             CONSTANT      00000085            133
TRISA0                            CONSTANT      00000000              0
TRISA1                            CONSTANT      00000001              1
TRISA2                            CONSTANT      00000002              2
TRISA3                            CONSTANT      00000003              3
TRISA4                            CONSTANT      00000004              4
TRISA5                            CONSTANT      00000005              5
TRISB                             CONSTANT      00000086            134
TRISB4                            CONSTANT      00000004              4
TRISB5                            CONSTANT      00000005              5
TRISB6                            CONSTANT      00000006              6
TRISB7                            CONSTANT      00000007              7
TRISC                             CONSTANT      00000087            135
TRISC0                            CONSTANT      00000000              0
TRISC1                            CONSTANT      00000001              1
TRISC2                            CONSTANT      00000002              2
TRISC3                            CONSTANT      00000003              3
TRISC4                            CONSTANT      00000004              4
TRISC5                            CONSTANT      00000005              5
gpasm-1.5.2 #1325 (Jul 12 2024)      oled.asm   03/11/2025  03:42:38 PM     PAGE 26


SYMBOL TABLE
  LABEL                              TYPE        VALUE         VALUE          VALUE
                                                 (hex)         (dec)          (text)

TRISC6                            CONSTANT      00000006              6
TRISC7                            CONSTANT      00000007              7
TRMT                              CONSTANT      00000001              1
TUN0                              CONSTANT      00000000              0
TUN1                              CONSTANT      00000001              1
TUN2                              CONSTANT      00000002              2
TUN3                              CONSTANT      00000003              3
TUN4                              CONSTANT      00000004              4
TX9                               CONSTANT      00000006              6
TX9D                              CONSTANT      00000000              0
TXEN                              CONSTANT      00000005              5
TXIE                              CONSTANT      00000004              4
TXIF                              CONSTANT      00000004              4
TXREG                             CONSTANT      00000019             25
TXSTA                             CONSTANT      00000098            152
Times6                            ADDRESS       00000112            274
UA                                CONSTANT      00000001              1
ULPWUE                            CONSTANT      00000005              5
VCFG                              CONSTANT      00000006              6
VP6EN                             CONSTANT      00000004              4
VR0                               CONSTANT      00000000              0
VR1                               CONSTANT      00000001              1
VR2                               CONSTANT      00000002              2
VR3                               CONSTANT      00000003              3
VRCON                             CONSTANT      00000118            280
VRR                               CONSTANT      00000005              5
W                                 CONSTANT      00000000              0
WCOL                              CONSTANT      00000007              7
WDTCON                            CONSTANT      00000097            151
WDTPS0                            CONSTANT      00000001              1
WDTPS1                            CONSTANT      00000002              2
WDTPS2                            CONSTANT      00000003              3
WDTPS3                            CONSTANT      00000004              4
WPU                               CONSTANT      00000095            149
WPU0                              CONSTANT      00000000              0
WPU1                              CONSTANT      00000001              1
WPU2                              CONSTANT      00000002              2
WPU4                              CONSTANT      00000004              4
WPU5                              CONSTANT      00000005              5
WPUA                              CONSTANT      00000095            149
WPUA0                             CONSTANT      00000000              0
WPUA1                             CONSTANT      00000001              1
WPUA2                             CONSTANT      00000002              2
WPUA4                             CONSTANT      00000004              4
WPUA5                             CONSTANT      00000005              5
WPUB                              CONSTANT      00000115            277
WPUB4                             CONSTANT      00000004              4
WPUB5                             CONSTANT      00000005              5
WPUB6                             CONSTANT      00000006              6
WPUB7                             CONSTANT      00000007              7
WR                                CONSTANT      00000001              1
WREN                              CONSTANT      00000002              2
gpasm-1.5.2 #1325 (Jul 12 2024)      oled.asm   03/11/2025  03:42:38 PM     PAGE 27


SYMBOL TABLE
  LABEL                              TYPE        VALUE         VALUE          VALUE
                                                 (hex)         (dec)          (text)

WRERR                             CONSTANT      00000003              3
WUE                               CONSTANT      00000001              1
Z                                 CONSTANT      00000002              2
_BOD_NSLEEP                       CONSTANT      00003EFF          16127
_BOD_OFF                          CONSTANT      00003CFF          15615
_BOD_ON                           CONSTANT      00003FFF          16383
_BOD_SBODEN                       CONSTANT      00003DFF          15871
_BOREN_NSLEEP                     CONSTANT      00003EFF          16127
_BOREN_OFF                        CONSTANT      00003CFF          15615
_BOREN_ON                         CONSTANT      00003FFF          16383
_BOREN_SBODEN                     CONSTANT      00003DFF          15871
_BOR_NSLEEP                       CONSTANT      00003EFF          16127
_BOR_OFF                          CONSTANT      00003CFF          15615
_BOR_ON                           CONSTANT      00003FFF          16383
_BOR_SBODEN                       CONSTANT      00003DFF          15871
_CONFIG                           CONSTANT      00002007           8199
_CPD_OFF                          CONSTANT      00003FFF          16383
_CPD_ON                           CONSTANT      00003F7F          16255
_CP_OFF                           CONSTANT      00003FFF          16383
_CP_ON                            CONSTANT      00003FBF          16319
_DEVID1                           CONSTANT      00002006           8198
_Delay1s1                         ADDRESS       00000101            257
_EC_OSC                           CONSTANT      00003FFB          16379
_EXTRC                            CONSTANT      00003FFF          16383
_EXTRCIO                          CONSTANT      00003FFE          16382
_EXTRC_OSC_CLKOUT                 CONSTANT      00003FFF          16383
_EXTRC_OSC_NOCLKOUT               CONSTANT      00003FFE          16382
_FCMEN_OFF                        CONSTANT      000037FF          14335
_FCMEN_ON                         CONSTANT      00003FFF          16383
_FOSC_EC                          CONSTANT      00003FFB          16379
_FOSC_EXTRCCLK                    CONSTANT      00003FFF          16383
_FOSC_EXTRCIO                     CONSTANT      00003FFE          16382
_FOSC_HS                          CONSTANT      00003FFA          16378
_FOSC_INTRCCLK                    CONSTANT      00003FFD          16381
_FOSC_INTRCIO                     CONSTANT      00003FFC          16380
_FOSC_LP                          CONSTANT      00003FF8          16376
_FOSC_XT                          CONSTANT      00003FF9          16377
_HS_OSC                           CONSTANT      00003FFA          16378
_IDLOC0                           CONSTANT      00002000           8192
_IDLOC1                           CONSTANT      00002001           8193
_IDLOC2                           CONSTANT      00002002           8194
_IDLOC3                           CONSTANT      00002003           8195
_IESO_OFF                         CONSTANT      00003BFF          15359
_IESO_ON                          CONSTANT      00003FFF          16383
_INTOSC                           CONSTANT      00003FFD          16381
_INTOSCIO                         CONSTANT      00003FFC          16380
_INTRC_OSC_CLKOUT                 CONSTANT      00003FFD          16381
_INTRC_OSC_NOCLKOUT               CONSTANT      00003FFC          16380
_LP_OSC                           CONSTANT      00003FF8          16376
_MCLRE_OFF                        CONSTANT      00003FDF          16351
_MCLRE_ON                         CONSTANT      00003FFF          16383
_MMain                            ADDRESS       00000084            132
gpasm-1.5.2 #1325 (Jul 12 2024)      oled.asm   03/11/2025  03:42:38 PM     PAGE 28


SYMBOL TABLE
  LABEL                              TYPE        VALUE         VALUE          VALUE
                                                 (hex)         (dec)          (text)

_Main                             ADDRESS       0000008E            142
_PWRTE_OFF                        CONSTANT      00003FFF          16383
_PWRTE_ON                         CONSTANT      00003FEF          16367
_PrintDigit2                      ADDRESS       000000B1            177
_PutC1                            ADDRESS       000000F1            241
_PutS1                            ADDRESS       000000CE            206
_SH1106Clear1                     ADDRESS       00000068            104
_SH1106Clear2                     ADDRESS       00000074            116
_WDTE_OFF                         CONSTANT      00003FF7          16375
_WDTE_ON                          CONSTANT      00003FFF          16383
_WDT_OFF                          CONSTANT      00003FF7          16375
_WDT_ON                           CONSTANT      00003FFF          16383
_XT_OSC                           CONSTANT      00003FF9          16377
__14_BIT                          CONSTANT      00000001              1
__16F690                          CONSTANT      00000001              1
__ACTIVE_BANK_ADDR                VARIABLE      FFFFFFFF             -1
__ACTIVE_PAGE_ADDR                VARIABLE      FFFFFFFF             -1
__ASSUMED_BANK_ADDR               VARIABLE      FFFFFFFF             -1
__BANK_0                          CONSTANT      00000000              0
__BANK_1                          CONSTANT      00000080            128
__BANK_2                          CONSTANT      00000100            256
__BANK_3                          CONSTANT      00000180            384
__BANK_BITS                       CONSTANT      00000180            384
__BANK_FIRST                      CONSTANT      00000000              0
__BANK_INV                        CONSTANT      FFFFFFFF             -1
__BANK_LAST                       CONSTANT      00000180            384
__BANK_MASK                       CONSTANT      0000007F            127
__BANK_SHIFT                      CONSTANT      00000007              7
__BANK_SIZE                       CONSTANT      00000080            128
__CODE_END                        CONSTANT      00000FFF           4095
__CODE_START                      CONSTANT      00000000              0
__COMMON_RAM_END                  CONSTANT      0000007F            127
__COMMON_RAM_START                CONSTANT      00000070            112
__CONFIG_END                      CONSTANT      00002007           8199
__CONFIG_START                    CONSTANT      00002007           8199
__EEPROM_END                      CONSTANT      000021FF           8703
__EEPROM_START                    CONSTANT      00002100           8448
__GPUTILS_SVN_VERSION             CONSTANT      0000052D           1325
__GPUTILS_VERSION_MAJOR           CONSTANT      00000001              1
__GPUTILS_VERSION_MICRO           CONSTANT      00000002              2
__GPUTILS_VERSION_MINOR           CONSTANT      00000005              5
__IDLOCS_END                      CONSTANT      00002003           8195
__IDLOCS_START                    CONSTANT      00002000           8192
__NUM_BANKS                       CONSTANT      00000004              4
__NUM_PAGES                       CONSTANT      00000002              2
__PAGE_0                          CONSTANT      00000000              0
__PAGE_1                          CONSTANT      00000800           2048
__PAGE_BITS                       CONSTANT      00001800           6144
__PAGE_FIRST                      CONSTANT      00000000              0
__PAGE_INV                        CONSTANT      FFFFFFFF             -1
__PAGE_LAST                       CONSTANT      00000800           2048
__PAGE_MASK                       CONSTANT      000007FF           2047
gpasm-1.5.2 #1325 (Jul 12 2024)      oled.asm   03/11/2025  03:42:38 PM     PAGE 29


SYMBOL TABLE
  LABEL                              TYPE        VALUE         VALUE          VALUE
                                                 (hex)         (dec)          (text)

__PAGE_SHIFT                      CONSTANT      0000000B             11
__PAGE_SIZE                       CONSTANT      00000800           2048
__VECTOR_INT                      CONSTANT      00000004              4
__VECTOR_RESET                    CONSTANT      00000000              0
__WHILE_LOOP_COUNT_MAX            CONSTANT      000000FF            255
_dly_ret                          ADDRESS       0000003E             62
_i2c_write1                       ADDRESS       0000002D             45
addrptra                          CBLOCK        00000072            114
addrptrb                          CBLOCK        00000074            116
addrptrc                          CBLOCK        00000076            118
addrptrd                          CBLOCK        00000078            120
col                               CBLOCK        0000007F            127
copy16                            MACRO                                    src, dst
dbgled                            MACRO     
delay                             MACRO     
font6x8                           ADDRESS       00000D6E           3438
fromeeadr                         MACRO                                    param
globalvar1                        CBLOCK        0000007A            122
globalvar2                        CBLOCK        0000007B            123
globalvar3                        CBLOCK        0000007C            124
globalvar4                        CBLOCK        0000007D            125
hexchars                          ADDRESS       00000D0E           3342
i2c                               MACRO                                    param
i2c_port                          CONSTANT      00000007              7
i2c_start                         ADDRESS       00000021             33
i2c_stop                          ADDRESS       0000001A             26
i2c_tris                          CONSTANT      00000087            135
i2c_write                         ADDRESS       0000002A             42
incf16                            MACRO                                    param
line                              CBLOCK        0000007E            126
loopctr                           CBLOCK        00000070            112
putchar                           MACRO                                    param
putstring                         MACRO                                    param
scl_hi                            MACRO     
scl_lo                            MACRO     
sclpin                            CONSTANT      00000000              0
sda_hi                            MACRO     
sda_lo                            MACRO     
sdapin                            CONSTANT      00000001              1
tmpvar1                           CBLOCK        00000020             32
tmpvar2                           CBLOCK        00000021             33
tmpvar3                           CBLOCK        00000022             34
tmpvar4                           CBLOCK        00000071            113
tmpvar5                           CBLOCK        00000023             35
toeeadr                           MACRO                                    param


MEMORY USAGE MAP ('X' = Used,  '-' = Unused)

0000 : XX--XXXXXXXXXXXX XXXXXXXXXXXXXXXX XXXXXXXXXXXXXXXX XXXXXXXXXXXXXXXX
0040 : XXXXXXXXXXXXXXXX XXXXXXXXXXXXXXXX XXXXXXXXXXXXXXXX XXXXXXXXXXXXXXXX
0080 : XXXXXXXXXXXXXXXX XXXXXXXXXXXXXXXX XXXXXXXXXXXXXXXX XXXXXXXXXXXXXXXX
gpasm-1.5.2 #1325 (Jul 12 2024)      oled.asm   03/11/2025  03:42:38 PM     PAGE 30


MEMORY USAGE MAP ('X' = Used,  '-' = Unused)

00C0 : XXXXXXXXXXXXXXXX XXXXXXXXXXXXXXXX XXXXXXXXXXXXXXXX XXXXXXXXXXXXXXXX
0100 : XXXXXXXXXXXXXXXX XXXXXXXXXXXXXXXX XXXXXXX--------- ----------------
0D00 : XXXXXXXXXXXXXXXX XXXXXXXXXXXXXXXX XXXXXXXXXXXXXXXX XXXXXXXXXXXXXXXX
0D40 : XXXXXXXXXXXXXXXX XXXXXXXXXXXXXXXX XXXXXXXXXXXXXXXX XXXXXXXXXXXXXXXX
0D80 : XXXXXXXXXXXXXXXX XXXXXXXXXXXXXXXX XXXXXXXXXXXXXXXX XXXXXXXXXXXXXXXX
0DC0 : XXXXXXXXXXXXXXXX XXXXXXXXXXXXXXXX XXXXXXXXXXXXXXXX XXXXXXXXXXXXXXXX
0E00 : XXXXXXXXXXXXXXXX XXXXXXXXXXXXXXXX XXXXXXXXXXXXXXXX XXXXXXXXXXXXXXXX
0E40 : XXXXXXXXXXXXXXXX XXXXXXXXXXXXXXXX XXXXXXXXXXXXXXXX XXXXXXXXXXXXXXXX
0E80 : XXXXXXXXXXXXXXXX XXXXXXXXXXXXXXXX XXXXXXXXXXXXXXXX XXXXXXXXXXXXXXXX
0EC0 : XXXXXXXXXXXXXXXX XXXXXXXXXXXXXXXX XXXXXXXXXXXXXXXX XXXXXXXXXXXXXXXX
0F00 : XXXXXXXXXXXXXXXX XXXXXXXXXXXXXXXX XXXXXXXXXXXXXXXX XXXXXXXXXXXXXXXX
0F40 : XXXXXXXXXXXXXXXX XXXXXXXXXXXXXXXX XXXXXXXXXXXXXXXX XXXXXXXXXXXXXXXX
0F80 : XXXXXXXXXXXXXXXX XXXXXXXXXXXXXXXX XXXXXXXXXXXXXX-- ----------------
2000 : -------X-------- ---------------- ---------------- ----------------

All other memory blocks unused.

Program Memory Words Used:   979
Program Memory Words Free:  3117


Errors   :     0
Warnings :     0 reported,     0 suppressed
Messages :     0 reported,    25 suppressed

